../Core/Src/main.c:80:6:AVR_Calculator	16	static
../Core/Src/main.c:94:6:RMS_Calculator	16	static
../Core/Src/main.c:105:6:Overcurrent_Handler	8	static
../Core/Src/main.c:120:5:main	8	static
../Core/Src/main.c:173:6:SystemClock_Config	88	static
../Core/Src/main.c:220:13:MX_ADC1_Init	56	static
../Core/Src/main.c:288:13:MX_ADC2_Init	40	static
../Core/Src/main.c:347:13:MX_TIM3_Init	64	static
../Core/Src/main.c:404:13:MX_DMA_Init	16	static
../Core/Src/main.c:426:13:MX_GPIO_Init	40	static
../Core/Src/main.c:459:6:Error_Handler	4	static,ignoring_inline_asm
